[INFO] Scanning for projects...
[INFO] 
[INFO] --------------------------< com.services:crm >--------------------------
[INFO] Building crm 0.0.1-SNAPSHOT
[INFO]   from pom.xml
[INFO] --------------------------------[ war ]---------------------------------
[INFO] 
[INFO] --- clean:3.3.2:clean (default-clean) @ crm ---
[INFO] Deleting C:\Users\bicos\OneDrive\Documentos\POS\crm\target
[INFO] 
[INFO] --- resources:3.3.1:resources (default-resources) @ crm ---
[INFO] Copying 1 resource from src\main\resources to target\classes
[INFO] Copying 0 resource from src\main\resources to target\classes
[INFO] 
[INFO] --- compiler:3.11.0:compile (default-compile) @ crm ---
[INFO] Changes detected - recompiling the module! :source
[INFO] Compiling 88 source files with javac [debug release 17] to target\classes
[WARNING] /C:/Users/bicos/OneDrive/Documentos/POS/crm/src/main/java/com/services/crm/utils/mapper/EntityMapper.java:[68,16] Unmapped target property: "description".
[INFO] ------------------------------------------------------------------------
[INFO] BUILD SUCCESS
[INFO] ------------------------------------------------------------------------
[INFO] Total time:  30.126 s
[INFO] Finished at: 2026-04-06T19:52:01-06:00
[INFO] ------------------------------------------------------------------------
